// Jest Snapshot v1, https://goo.gl/fbAQLP

exports[`Testing <Header/> Header have rendered correctly 1`] = `
<styled.div>
  <styled.h3>
    <Link
      to="/"
    >
      Game of Thrones DB
    </Link>
  </styled.h3>
  <styled.ul>
    <li>
      <Link
        to="/characters/"
      >
        Characters
      </Link>
    </li>
    <li>
      <Link
        to="/houses/"
      >
        Houses
      </Link>
    </li>
    <li>
      <Link
        to="/books/"
      >
        Books
      </Link>
    </li>
  </styled.ul>
</styled.div>
`;
